// Jest Snapshot v1, https://goo.gl/fbAQLP

exports[`Should render TeaserItem correctly 1`] = `
<Fragment>
  <div
    className="TeaserItem row"
  >
    <div
      className="col"
    >
      <img
        alt="On a rainy day in Blackpool, the Duke and Duchess of Cambridge brought some brightness."
        className="TeaserItem--image"
        src="http://d3lp4xedbqa8a5.cloudfront.net/s3/digital-cougar-assets/Now/2019/03/07/54515/HERO.jpg"
      />
    </div>
  </div>
  <div
    className="TeaserItem--text row"
  >
    <div
      className="col"
    >
      Duchess Catherine just hinted where the next Cambridge family holiday will be
    </div>
    <div
      className="col"
    >
      On a rainy day in Blackpool, the Duke and Duchess of Cambridge brought some brightness.
    </div>
  </div>
</Fragment>
`;
